
> finance@0.0.0 build
> tsc -b && vite build

src/components/layout/Topbar.tsx(1,48): error TS6133: 'X' is declared but its value is never read.
src/components/layout/Topbar.tsx(1,51): error TS6133: 'Check' is declared but its value is never read.
src/hooks/AddWidgetModal.tsx(1,54): error TS6133: 'Wallet' is declared but its value is never read.
src/pages/Budget.tsx(491,23): error TS6133: 'idx' is declared but its value is never read.
src/pages/Goals.tsx(5,37): error TS6133: 'Edit2' is declared but its value is never read.
src/pages/Goals.tsx(7,11): error TS6133: 'Calendar' is declared but its value is never read.
src/pages/Goals.tsx(23,7): error TS6133: 'PRIMARY_DARK' is declared but its value is never read.
src/pages/Goals.tsx(25,7): error TS6133: 'WARNING' is declared but its value is never read.
src/pages/Help.tsx(10,3): error TS6133: 'TrendingUp' is declared but its value is never read.
src/pages/Help.tsx(15,3): error TS6133: 'AlertCircle' is declared but its value is never read.
src/pages/Insights.tsx(13,3): error TS6133: 'Legend' is declared but its value is never read.
src/pages/Settings.tsx(3,3): error TS6133: 'User' is declared but its value is never read.
src/pages/Settings.tsx(16,3): error TS6133: 'Mail' is declared but its value is never read.
src/pages/Settings.tsx(17,3): error TS6133: 'HelpCircle' is declared but its value is never read.
src/pages/Settings.tsx(77,34): error TS6133: 'dark' is declared but its value is never read.
